   Compiling cfg-if v1.0.4
    Checking byteorder v1.5.0
    Checking stable_deref_trait v1.2.1
    Checking serde_core v1.0.229
   Compiling scopeguard v1.2.0
   Compiling thiserror v2.0.20
   Compiling zmij v1.0.23
   Compiling itoa v1.0.18
    Checking num-traits v0.2.19
   Compiling getrandom v0.2.17
    Checking futures-core v0.3.34
    Checking futures-sink v0.3.34
    Checking nb v1.1.0
    Checking embedded-io v0.7.1
    Checking embedded-hal v1.0.0
    Checking critical-section v1.2.0
   Compiling cobs v0.3.0
    Checking nb v0.1.3
    Checking lock_api v0.4.14
    Checking void v1.0.2
   Compiling encoding_rs v0.8.40
    Checking portable-atomic v1.15.0
    Checking embedded-io-async v0.7.0
    Checking embedded-hal-async v1.0.0
   Compiling hash32 v0.3.1
   Compiling log v0.4.34
   Compiling postcard v1.1.3
   Compiling const-random-macro v0.1.16
    Checking embedded-hal v0.2.7
   Compiling serde_json v1.0.151
    Checking hash32 v0.2.1
    Checking heapless v0.8.0
    Checking spin v0.9.9
    Checking embedded-storage v0.3.1
    Checking embassy-futures v0.1.2
    Checking embedded-io v0.6.1
    Checking embassy-executor-timer-queue v0.1.0
    Checking embedded-storage-async v0.4.1
   Compiling heapless v0.9.3
   Compiling usbd-hid-macros v0.10.2
    Checking embassy-time-driver v0.2.2
   Compiling crc32fast v1.5.1
   Compiling strum v0.28.0
    Checking pin-project-lite v0.2.17
    Checking embassy-net-driver v0.2.0
    Checking embedded-io-async v0.6.1
    Checking encode_unicode v0.3.6
    Checking futures-task v0.3.34
    Checking futures-channel v0.3.34
    Checking bitflags v2.13.1
    Checking futures-io v0.3.34
    Checking embedded-hal-nb v1.0.0
    Checking futures-util v0.3.34
    Checking embassy-usb-driver v0.2.2
   Compiling const-random v0.1.18
   Compiling dlv-list v0.5.2
   Compiling rmk v0.9.0 (/home/imalison/Projects/rmk-assembly/.worktrees/audit-astra-20260907/rmk)
    Checking memchr v2.8.3
    Checking usb-device v0.3.2
    Checking static_cell v2.1.1
    Checking num-integer v0.1.47
    Checking num-complex v0.3.1
    Checking embassy-hal-internal v0.4.0
   Compiling ordered-multimap v0.7.3
    Checking num-rational v0.3.2
    Checking num-iter v0.1.46
    Checking usbd-hid v0.10.2
   Compiling rust-ini v0.21.3
    Checking num v0.3.1
    Checking embedded-time v0.12.1
   Compiling yaml-rust2 v0.11.1
    Checking serde v1.0.229
   Compiling config v0.15.25
    Checking futures v0.3.34
    Checking heapless v0.7.17
    Checking ssmarshal v1.0.0
    Checking embedded-hal-mock v0.11.1
    Checking embassy-sync v0.8.0
    Checking embassy-time-queue-utils v0.3.2
    Checking embassy-time v0.5.1
    Checking sequential-storage v8.0.1
   Compiling rmk-config v0.7.0 (/home/imalison/Projects/rmk-assembly/.worktrees/audit-astra-20260907/rmk-config)
    Checking embassy-net-driver-channel v0.4.0
    Checking embassy-embedded-hal v0.6.0
    Checking embassy-usb v0.6.0
   Compiling rmk-types v0.3.0 (/home/imalison/Projects/rmk-assembly/.worktrees/audit-astra-20260907/rmk-types)
   Compiling rmk-macro v0.8.0 (/home/imalison/Projects/rmk-assembly/.worktrees/audit-astra-20260907/rmk-macro)
error: you should consider adding a `Default` implementation for `Crc32`
  --> src/crc32.rs:42:5
   |
42 | /     pub const fn new() -> Self {
43 | |         Self { state: !0u32 }
44 | |     }
   | |_____^
   |
   = help: for further information visit https://rust-lang.github.io/rust-clippy/rust-1.97.0/index.html#new_without_default
   = note: `-D clippy::new-without-default` implied by `-D warnings`
   = help: to override `-D warnings` add `#[allow(clippy::new_without_default)]`
help: try adding this
   |
40 + impl Default for Crc32 {
41 +     fn default() -> Self {
42 +         Self::new()
43 +     }
44 + }
   |

error: unneeded `return` statement
  --> src/host/rynk/handlers/keymap.rs:76:13
   |
76 |             return Ok(());
   |             ^^^^^^^^^^^^^
   |
   = help: for further information visit https://rust-lang.github.io/rust-clippy/rust-1.97.0/index.html#needless_return
   = note: `-D clippy::needless-return` implied by `-D warnings`
   = help: to override `-D warnings` add `#[allow(clippy::needless_return)]`
help: remove `return`
   |
76 -             return Ok(());
76 +             Ok(())
   |

error: very complex type used. Consider factoring parts into `type` definitions
  --> src/host/rynk/mod.rs:83:18
   |
83 |     device_data: Option<(DeviceDataDescriptor, fn(u8) -> Option<DeviceDataRecord>)>,
   |                  ^^^^^^^^^^^^^^^^^^^^^^^^^^^^^^^^^^^^^^^^^^^^^^^^^^^^^^^^^^^^^^^^^^
   |
   = help: for further information visit https://rust-lang.github.io/rust-clippy/rust-1.97.0/index.html#type_complexity
   = note: `-D clippy::type-complexity` implied by `-D warnings`
   = help: to override `-D warnings` add `#[allow(clippy::type_complexity)]`

error: this comparison involving the minimum or maximum element for this type contains a case that is always true or always false
   --> src/keyboard/auto_mouse_layer.rs:232:30
    |
232 |         let mut action_sub = (crate::ACTION_EVENT_SUB_SIZE >= 1).then(ActionEvent::subscriber);
    |                              ^^^^^^^^^^^^^^^^^^^^^^^^^^^^^^^^^^^
    |
    = help: because `crate::ACTION_EVENT_SUB_SIZE` is the minimum value for this type, the case where the two sides are not equal never occurs, consider using `crate::ACTION_EVENT_SUB_SIZE == 1` instead
    = help: for further information visit https://rust-lang.github.io/rust-clippy/rust-1.97.0/index.html#absurd_extreme_comparisons
    = note: `#[deny(clippy::absurd_extreme_comparisons)]` on by default

error: returning the result of a `let` binding from a block
   --> src/keymap.rs:426:9
    |
407 | /         let keymap = KeyMap {
408 | |             inner: RefCell::new(KeyMapInner {
409 | |                 row: ROW,
410 | |                 col: COL,
...   |
424 | |             }),
425 | |         };
    | |__________- unnecessary `let` binding
426 |           keymap
    |           ^^^^^^
    |
    = help: for further information visit https://rust-lang.github.io/rust-clippy/rust-1.97.0/index.html#let_and_return
    = note: `-D clippy::let-and-return` implied by `-D warnings`
    = help: to override `-D warnings` add `#[allow(clippy::let_and_return)]`
help: return the expression directly
    |
407 ~         
408 ~         KeyMap {
409 +             inner: RefCell::new(KeyMapInner {
410 +                 row: ROW,
411 +                 col: COL,
412 +                 num_layer: NUM_LAYER,
413 +                 num_encoder: NUM_ENCODER,
414 +                 layers,
415 +                 encoders,
416 +                 layer_state,
417 +                 layer_cache,
418 +                 encoder_layer_cache,
419 +                 behavior,
420 +                 hand,
421 +                 mouse_buttons: 0,
422 +                 layout_option: data.layout_option,
423 +                 #[cfg(feature = "host_lock")]
424 +                 matrix_state: MatrixState::new(ROW, COL),
425 +             }),
426 +         }
    |

error: large size difference between variants
   --> src/lighting/standard/command.rs:41:1
    |
 41 | /   pub enum StandardCommand<const OVERLAY_CAP: usize, const SCENE_CAP: usize = 0> {
 42 | |       SetOutputEnabled(bool),
 43 | |       SetOutputModeIfRevision {
 44 | |           expected_revision: u32,
...   |
137 | | /     PutSceneChunk {
138 | | |         transaction_id: u32,
139 | | |         offset: u16,
140 | | |         cells: SceneChunk,
141 | | |     },
    | | |_____- the second-largest variant contains at least 174 bytes
...   |
163 | | /     PutRuntimeConditionalSceneChunk {
164 | | |         transaction_id: u32,
165 | | |         offset: u16,
166 | | |         cells: RuntimeConditionalSceneChunk,
167 | | |     },
    | | |_____- the largest variant contains at least 382 bytes
...   |
173 | |       },
174 | |   }
    | |___^ the entire enum is at least 382 bytes
    |
note: boxing a variant would require the type no longer be `Copy`
   --> src/lighting/standard/command.rs:41:10
    |
 41 | pub enum StandardCommand<const OVERLAY_CAP: usize, const SCENE_CAP: usize = 0> {
    |          ^^^^^^^^^^^^^^^
help: consider boxing the large fields or introducing indirection in some other way to reduce the total size of the enum
   --> src/lighting/standard/command.rs:163:5
    |
163 | /     PutRuntimeConditionalSceneChunk {
164 | |         transaction_id: u32,
165 | |         offset: u16,
166 | |         cells: RuntimeConditionalSceneChunk,
167 | |     },
    | |_____^
    = help: for further information visit https://rust-lang.github.io/rust-clippy/rust-1.97.0/index.html#large_enum_variant
    = note: `-D clippy::large-enum-variant` implied by `-D warnings`
    = help: to override `-D warnings` add `#[allow(clippy::large_enum_variant)]`

error: could not compile `rmk` (lib) due to 6 previous errors
