   Compiling serde_core v1.0.229
   Compiling zmij v1.0.23
    Checking critical-section v1.2.0
   Compiling embassy-time-driver v0.2.2
    Checking nb v0.1.3
    Checking void v1.0.2
   Compiling rmk v0.9.0 (/home/imalison/Projects/rmk-assembly/.worktrees/audit-astra-20260907/rmk)
    Checking embedded-hal v0.2.7
    Checking embassy-time v0.5.1
   Compiling serde_json v1.0.151
   Compiling config v0.15.25
    Checking serde v1.0.229
    Checking heapless v0.9.3
   Compiling rmk-config v0.7.0 (/home/imalison/Projects/rmk-assembly/.worktrees/audit-astra-20260907/rmk-config)
    Checking heapless v0.7.17
    Checking ssmarshal v1.0.0
    Checking postcard v1.1.3
    Checking embassy-sync v0.8.0
    Checking sequential-storage v8.0.1
    Checking embassy-net-driver-channel v0.4.0
    Checking embassy-usb v0.6.0
   Compiling rmk-types v0.3.0 (/home/imalison/Projects/rmk-assembly/.worktrees/audit-astra-20260907/rmk-types)
error[E0425]: cannot find type `LightingRuntimeConditionalSceneStatusResult` in this scope
   --> /home/imalison/Projects/rmk-assembly/.worktrees/audit-astra-20260907/rmk-types/src/protocol/rynk/command.rs:574:70
    |
574 |     GetLightingExtendedRuntimeConditionalSceneStatus = 0x0930: () => LightingRuntimeConditionalSceneStatusResult;
    |                                                                      ^^^^^^^^^^^^^^^^^^^^^^^^^^^^^^^^^^^^^^^^^^^ not found in this scope

error[E0425]: cannot find type `LightingRuntimeConditionalScenePageRequest` in this scope
   --> /home/imalison/Projects/rmk-assembly/.worktrees/audit-astra-20260907/rmk-types/src/protocol/rynk/command.rs:576:59
    |
576 |     GetLightingExtendedRuntimeConditionalScenes = 0x0931: LightingRuntimeConditionalScenePageRequest => LightingExtendedRuntimeCond...
    |                                                           ^^^^^^^^^^^^^^^^^^^^^^^^^^^^^^^^^^^^^^^^^^ not found in this scope

error[E0425]: cannot find type `LightingExtendedRuntimeConditionalScenesPageResult` in this scope
   --> /home/imalison/Projects/rmk-assembly/.worktrees/audit-astra-20260907/rmk-types/src/protocol/rynk/command.rs:576:105
    |
188 | ...   pub enum $name {}
    |       -------------- similarly named enum `GetLightingExtendedRuntimeConditionalSceneStatus` defined here
...
576 | ...ghtingExtendedRuntimeConditionalScenes = 0x0931: LightingRuntimeConditionalScenePageRequest => LightingExtendedRuntimeConditionalScenesPageResult;
    |                                                                                                   ^^^^^^^^^^^^^^^^^^^^^^^^^^^^^^^^^^^^^^^^^^^^^^^^^^
    |
help: an enum with a similar name exists
    |
576 -     GetLightingExtendedRuntimeConditionalScenes = 0x0931: LightingRuntimeConditionalScenePageRequest => LightingExtendedRuntimeConditionalScenesPageResult;
576 +     GetLightingExtendedRuntimeConditionalScenes = 0x0931: LightingRuntimeConditionalScenePageRequest => GetLightingExtendedRuntimeConditionalSceneStatus;
    |

error[E0425]: cannot find type `BeginLightingRuntimeConditionalSceneReplaceRequest` in this scope
   --> /home/imalison/Projects/rmk-assembly/.worktrees/audit-astra-20260907/rmk-types/src/protocol/rynk/command.rs:578:67
    |
188 |             pub enum $name {}
    |             -------------- similarly named enum `BeginLightingExtendedRuntimeConditionalSceneReplace` defined here
...
578 |     BeginLightingExtendedRuntimeConditionalSceneReplace = 0x0932: BeginLightingRuntimeConditionalSceneReplaceRequest => LightingRun...
    |                                                                   ^^^^^^^^^^^^^^^^^^^^^^^^^^^^^^^^^^^^^^^^^^^^^^^^^^
    |
help: an enum with a similar name exists
    |
578 -     BeginLightingExtendedRuntimeConditionalSceneReplace = 0x0932: BeginLightingRuntimeConditionalSceneReplaceRequest => LightingRuntimeConditionalSceneTransactionResult;
578 +     BeginLightingExtendedRuntimeConditionalSceneReplace = 0x0932: BeginLightingExtendedRuntimeConditionalSceneReplace => LightingRuntimeConditionalSceneTransactionResult;
    |

error[E0425]: cannot find type `LightingRuntimeConditionalSceneTransactionResult` in this scope
   --> /home/imalison/Projects/rmk-assembly/.worktrees/audit-astra-20260907/rmk-types/src/protocol/rynk/command.rs:578:121
    |
578 | ...ionalSceneReplaceRequest => LightingRuntimeConditionalSceneTransactionResult;
    |                                ^^^^^^^^^^^^^^^^^^^^^^^^^^^^^^^^^^^^^^^^^^^^^^^^ not found in this scope

error[E0425]: cannot find type `PutLightingExtendedRuntimeConditionalSceneChunkRequest` in this scope
   --> /home/imalison/Projects/rmk-assembly/.worktrees/audit-astra-20260907/rmk-types/src/protocol/rynk/command.rs:580:63
    |
188 |             pub enum $name {}
    |             -------------- similarly named enum `PutLightingExtendedRuntimeConditionalSceneChunk` defined here
...
580 |     PutLightingExtendedRuntimeConditionalSceneChunk = 0x0933: PutLightingExtendedRuntimeConditionalSceneChunkRequest => LightingUni...
    |                                                               ^^^^^^^^^^^^^^^^^^^^^^^^^^^^^^^^^^^^^^^^^^^^^^^^^^^^^^
    |
help: an enum with a similar name exists
    |
580 -     PutLightingExtendedRuntimeConditionalSceneChunk = 0x0933: PutLightingExtendedRuntimeConditionalSceneChunkRequest => LightingUnitResult;
580 +     PutLightingExtendedRuntimeConditionalSceneChunk = 0x0933: PutLightingExtendedRuntimeConditionalSceneChunk => LightingUnitResult;
    |

error[E0425]: cannot find type `LightingUnitResult` in this scope
   --> /home/imalison/Projects/rmk-assembly/.worktrees/audit-astra-20260907/rmk-types/src/protocol/rynk/command.rs:580:121
    |
580 | ...ndedRuntimeConditionalSceneChunkRequest => LightingUnitResult;
    |                                               ^^^^^^^^^^^^^^^^^^ not found in this scope

error[E0425]: cannot find type `CommitLightingRuntimeConditionalSceneReplaceRequest` in this scope
   --> /home/imalison/Projects/rmk-assembly/.worktrees/audit-astra-20260907/rmk-types/src/protocol/rynk/command.rs:582:68
    |
188 |             pub enum $name {}
    |             -------------- similarly named enum `CommitLightingExtendedRuntimeConditionalSceneReplace` defined here
...
582 |     CommitLightingExtendedRuntimeConditionalSceneReplace = 0x0934: CommitLightingRuntimeConditionalSceneReplaceRequest => LightingS...
    |                                                                    ^^^^^^^^^^^^^^^^^^^^^^^^^^^^^^^^^^^^^^^^^^^^^^^^^^^
    |
help: an enum with a similar name exists
    |
582 -     CommitLightingExtendedRuntimeConditionalSceneReplace = 0x0934: CommitLightingRuntimeConditionalSceneReplaceRequest => LightingStateResult;
582 +     CommitLightingExtendedRuntimeConditionalSceneReplace = 0x0934: CommitLightingExtendedRuntimeConditionalSceneReplace => LightingStateResult;
    |

error[E0425]: cannot find type `LightingStateResult` in this scope
   --> /home/imalison/Projects/rmk-assembly/.worktrees/audit-astra-20260907/rmk-types/src/protocol/rynk/command.rs:582:123
    |
582 | ...gRuntimeConditionalSceneReplaceRequest => LightingStateResult;
    |                                              ^^^^^^^^^^^^^^^^^^^ not found in this scope

error[E0425]: cannot find type `AbortLightingRuntimeConditionalSceneReplaceRequest` in this scope
   --> /home/imalison/Projects/rmk-assembly/.worktrees/audit-astra-20260907/rmk-types/src/protocol/rynk/command.rs:584:67
    |
188 |             pub enum $name {}
    |             -------------- similarly named enum `AbortLightingExtendedRuntimeConditionalSceneReplace` defined here
...
584 |     AbortLightingExtendedRuntimeConditionalSceneReplace = 0x0935: AbortLightingRuntimeConditionalSceneReplaceRequest => LightingUni...
    |                                                                   ^^^^^^^^^^^^^^^^^^^^^^^^^^^^^^^^^^^^^^^^^^^^^^^^^^
    |
help: an enum with a similar name exists
    |
584 -     AbortLightingExtendedRuntimeConditionalSceneReplace = 0x0935: AbortLightingRuntimeConditionalSceneReplaceRequest => LightingUnitResult;
584 +     AbortLightingExtendedRuntimeConditionalSceneReplace = 0x0935: AbortLightingExtendedRuntimeConditionalSceneReplace => LightingUnitResult;
    |

error[E0425]: cannot find type `LightingUnitResult` in this scope
   --> /home/imalison/Projects/rmk-assembly/.worktrees/audit-astra-20260907/rmk-types/src/protocol/rynk/command.rs:584:121
    |
584 | ...ngRuntimeConditionalSceneReplaceRequest => LightingUnitResult;
    |                                               ^^^^^^^^^^^^^^^^^^ not found in this scope

   Compiling rmk-macro v0.8.0 (/home/imalison/Projects/rmk-assembly/.worktrees/audit-astra-20260907/rmk-macro)
For more information about this error, try `rustc --explain E0425`.
error: could not compile `rmk-types` (lib) due to 11 previous errors
warning: build failed, waiting for other jobs to finish...
