   Compiling rmk v0.9.0 (/home/imalison/Projects/rmk-assembly/.worktrees/audit-astra-20260907/rmk)
    Finished `test` profile [unoptimized + debuginfo] target(s) in 4.24s
────────────
 Nextest run ID 25dcbee1-cf34-4649-8126-831bb60f2ca9 with nextest profile: ci
    Starting 1 test across 1 binary (415 tests skipped)
        FAIL [   0.004s] (1/1) rmk keyboard::test::audit_unicode_preserves_physically_held_alt
  stdout ───

    running 1 test
    test keyboard::test::audit_unicode_preserves_physically_held_alt ... FAILED

    failures:

    failures:
        keyboard::test::audit_unicode_preserves_physically_held_alt

    test result: FAILED. 0 passed; 1 failed; 0 ignored; 0 measured; 415 filtered out; finished in 0.00s

  stderr ───

    thread 'keyboard::test::audit_unicode_preserves_physically_held_alt' (3935477) panicked at src/keyboard.rs:2470:9:
    assertion `left == right` failed
      left: []
     right: [LAlt]
    note: run with `RUST_BACKTRACE=1` environment variable to display a backtrace

────────────
     Summary [   0.005s] 1 test run: 0 passed, 1 failed, 415 skipped
        FAIL [   0.004s] (1/1) rmk keyboard::test::audit_unicode_preserves_physically_held_alt
  stdout ───

    running 1 test
    test keyboard::test::audit_unicode_preserves_physically_held_alt ... FAILED

    failures:

    failures:
        keyboard::test::audit_unicode_preserves_physically_held_alt

    test result: FAILED. 0 passed; 1 failed; 0 ignored; 0 measured; 415 filtered out; finished in 0.00s

  stderr ───

    thread 'keyboard::test::audit_unicode_preserves_physically_held_alt' (3935477) panicked at src/keyboard.rs:2470:9:
    assertion `left == right` failed
      left: []
     right: [LAlt]
    note: run with `RUST_BACKTRACE=1` environment variable to display a backtrace

error: test run failed
