    Updating crates.io index
     Locking 103 packages to latest compatible versions
      Adding cobs v0.3.0 (available: v0.5.1)
   Compiling proc-macro2 v1.0.107
   Compiling unicode-ident v1.0.24
   Compiling quote v1.0.47
   Compiling serde_core v1.0.229
   Compiling crunchy v0.2.4
   Compiling libc v0.2.189
   Compiling cfg-if v1.0.4
   Compiling tiny-keccak v2.0.2
   Compiling target-features v0.1.6
   Compiling rustversion v1.0.23
   Compiling memchr v2.8.3
   Compiling once_cell v1.21.4
   Compiling ucd-trie v0.1.7
   Compiling typeid v1.0.3
   Compiling serde v1.0.229
   Compiling thiserror v2.0.20
   Compiling foldhash v0.2.0
   Compiling erased-serde v0.4.10
   Compiling zmij v1.0.23
   Compiling hashbrown v0.16.1
   Compiling hashbrown v0.14.5
   Compiling simdutf8 v0.1.5
   Compiling serde_json v1.0.151
   Compiling winnow v1.0.4
   Compiling core_detect v1.0.0
   Compiling scopeguard v1.2.0
   Compiling multiversion_no_op v1.0.0
   Compiling itoa v1.0.18
   Compiling paste v1.0.15
   Compiling arraydeque v0.5.1
   Compiling pest v2.9.1
   Compiling toml_writer v1.1.2+spec-1.1.0
   Compiling unicode-segmentation v1.13.3
   Compiling adler2 v2.0.1
   Compiling pathdiff v0.2.3
   Compiling heapless v0.9.3
   Compiling miniz_oxide v0.9.1
   Compiling hashlink v0.11.1
   Compiling byteorder v1.5.0
   Compiling heck v0.5.0
   Compiling syn v3.0.5
   Compiling syn v2.0.119
   Compiling encoding_rs v0.8.40
   Compiling stable_deref_trait v1.2.1
   Compiling hash32 v0.3.1
   Compiling convert_case v0.6.0
   Compiling getrandom v0.2.17
   Compiling toml_parser v1.1.3+spec-1.1.0
   Compiling const-random-macro v0.1.16
   Compiling pest_meta v2.9.1
   Compiling const-random v0.1.18
   Compiling dlv-list v0.5.2
   Compiling ordered-multimap v0.7.3
   Compiling rust-ini v0.21.3
   Compiling toml_datetime v1.1.1+spec-1.1.0
   Compiling bitflags v2.13.1
   Compiling serde_spanned v1.1.1
   Compiling toml v1.1.5+spec-1.1.0
   Compiling serde-untagged v0.1.9
   Compiling serde_derive v1.0.229
   Compiling thiserror-impl v2.0.20
   Compiling async-trait v0.1.92
   Compiling serde-inline-default v1.0.2
   Compiling pest_generator v2.9.1
   Compiling cobs v0.3.0
   Compiling multiversion-macros v0.8.0
   Compiling postcard-derive v0.2.2
   Compiling strum_macros v0.28.0
   Compiling bitfield-struct v0.13.0
   Compiling pest_derive v2.9.1
   Compiling multiversion v0.8.0
   Compiling postcard v1.1.3
   Compiling strum v0.28.0
   Compiling ron v0.12.2
   Compiling json5 v0.4.1
   Compiling yaml-rust2 v0.11.1
   Compiling config v0.15.25
   Compiling rmk-config v0.7.0 (/home/imalison/Projects/rmk-assembly/.worktrees/audit-astra-20260907/rmk-config)
   Compiling rmk-types v0.3.0 (/home/imalison/Projects/rmk-assembly/.worktrees/audit-astra-20260907/rmk-types)
    Finished `test` profile [unoptimized + debuginfo] target(s) in 18.56s
     Running tests/audit_wire_compatibility.rs (/home/imalison/.cargo/build/a9/29a13dffb50de7/debug/deps/audit_wire_compatibility-8264e1c2ec8ba247)

running 2 tests
test audit_upstream_play_wire_value_still_means_play ... FAILED
test audit_upstream_control_wire_value_still_means_control ... FAILED

failures:

---- audit_upstream_play_wire_value_still_means_play stdout ----

thread 'audit_upstream_play_wire_value_still_means_play' (3914656) panicked at tests/audit_wire_compatibility.rs:5:5:
assertion `left == right` failed
  left: BrightnessMinimum
 right: Play

---- audit_upstream_control_wire_value_still_means_control stdout ----

thread 'audit_upstream_control_wire_value_still_means_control' (3914655) panicked at tests/audit_wire_compatibility.rs:10:5:
assertion `left == right` failed
  left: MouseAccel0
 right: LCtrl
note: run with `RUST_BACKTRACE=1` environment variable to display a backtrace


failures:
    audit_upstream_control_wire_value_still_means_control
    audit_upstream_play_wire_value_still_means_play

test result: FAILED. 0 passed; 2 failed; 0 ignored; 0 measured; 0 filtered out; finished in 0.00s

error: test failed, to rerun pass `--test audit_wire_compatibility`
